
[1m[46m RUN [49m[22m [36mv3.2.4 [39m[90mC:/Project/lovable/quadrant-calm[39m

 [32m✓[39m src/components/RadioPlayer.test.tsx[2m > [22mRADIO_STATIONS registry[2m > [22mcontains at least 30 stations total[32m 1[2mms[22m[39m
 [32m✓[39m src/components/RadioPlayer.test.tsx[2m > [22mRADIO_STATIONS registry[2m > [22mhas no duplicate station IDs[32m 0[2mms[22m[39m
 [32m✓[39m src/components/RadioPlayer.test.tsx[2m > [22mRADIO_STATIONS registry[2m > [22mall stations have required fields: id, label, videoId, category, emoji[32m 4[2mms[22m[39m
 [32m✓[39m src/components/RadioPlayer.test.tsx[2m > [22mRADIO_STATIONS registry[2m > [22mall categories are valid[32m 2[2mms[22m[39m
 [32m✓[39m src/components/RadioPlayer.test.tsx[2m > [22mRADIO_STATIONS registry[2m > [22mplaylist-type stations have a valid PL or RD or UU or OL prefix videoId[32m 0[2mms[22m[39m
 [32m✓[39m src/components/RadioPlayer.test.tsx[2m > [22mRADIO_STATIONS registry[2m > [22mGeneral category[2m > [22mhas at least 5 general stations[32m 0[2mms[22m[39m
 [32m✓[39m src/components/RadioPlayer.test.tsx[2m > [22mRADIO_STATIONS registry[2m > [22mGeneral category[2m > [22mincludes Lofi Girl Study[32m 0[2mms[22m[39m
 [32m✓[39m src/components/RadioPlayer.test.tsx[2m > [22mRADIO_STATIONS registry[2m > [22mGeneral category[2m > [22mincludes Lofi Girl Sleep[32m 0[2mms[22m[39m
 [32m✓[39m src/components/RadioPlayer.test.tsx[2m > [22mRADIO_STATIONS registry[2m > [22mGeneral category[2m > [22mincludes Chillhop[32m 0[2mms[22m[39m
 [32m✓[39m src/components/RadioPlayer.test.tsx[2m > [22mRADIO_STATIONS registry[2m > [22mIslamic category[2m > [22mhas at least 5 islamic stations[32m 0[2mms[22m[39m
 [32m✓[39m src/components/RadioPlayer.test.tsx[2m > [22mRADIO_STATIONS registry[2m > [22mIslamic category[2m > [22mincludes Mufti Menk playlist[32m 0[2mms[22m[39m
 [32m✓[39m src/components/RadioPlayer.test.tsx[2m > [22mRADIO_STATIONS registry[2m > [22mIslamic category[2m > [22mincludes Sirah Nabawiyah playlist[32m 0[2mms[22m[39m
 [32m✓[39m src/components/RadioPlayer.test.tsx[2m > [22mRADIO_STATIONS registry[2m > [22mIslamic category[2m > [22mMufti Menk and Sirah Nabawiyah are playlist type[32m 0[2mms[22m[39m
 [32m✓[39m src/components/RadioPlayer.test.tsx[2m > [22mRADIO_STATIONS registry[2m > [22mLocal (Indie Indonesia) category[2m > [22mhas all 17 expected indie artist stations[32m 0[2mms[22m[39m
 [32m✓[39m src/components/RadioPlayer.test.tsx[2m > [22mRADIO_STATIONS registry[2m > [22mLocal (Indie Indonesia) category[2m > [22mincludes hindia station[32m 0[2mms[22m[39m
 [32m✓[39m src/components/RadioPlayer.test.tsx[2m > [22mRADIO_STATIONS registry[2m > [22mLocal (Indie Indonesia) category[2m > [22mincludes feast station[32m 0[2mms[22m[39m
 [32m✓[39m src/components/RadioPlayer.test.tsx[2m > [22mRADIO_STATIONS registry[2m > [22mLocal (Indie Indonesia) category[2m > [22mincludes sal-priadi station[32m 0[2mms[22m[39m
 [32m✓[39m src/components/RadioPlayer.test.tsx[2m > [22mRADIO_STATIONS registry[2m > [22mLocal (Indie Indonesia) category[2m > [22mincludes nadin-amizah station[32m 0[2mms[22m[39m
 [32m✓[39m src/components/RadioPlayer.test.tsx[2m > [22mRADIO_STATIONS registry[2m > [22mLocal (Indie Indonesia) category[2m > [22mincludes tulus station[32m 0[2mms[22m[39m
 [32m✓[39m src/components/RadioPlayer.test.tsx[2m > [22mRADIO_STATIONS registry[2m > [22mLocal (Indie Indonesia) category[2m > [22mincludes ardhito station[32m 0[2mms[22m[39m
 [32m✓[39m src/components/RadioPlayer.test.tsx[2m > [22mRADIO_STATIONS registry[2m > [22mLocal (Indie Indonesia) category[2m > [22mincludes danilla station[32m 0[2mms[22m[39m
 [32m✓[39m src/components/RadioPlayer.test.tsx[2m > [22mRADIO_STATIONS registry[2m > [22mLocal (Indie Indonesia) category[2m > [22mincludes sheila-on7 station[32m 0[2mms[22m[39m
 [32m✓[39m src/components/RadioPlayer.test.tsx[2m > [22mRADIO_STATIONS registry[2m > [22mLocal (Indie Indonesia) category[2m > [22mincludes jason-ranti station[32m 0[2mms[22m[39m
 [32m✓[39m src/components/RadioPlayer.test.tsx[2m > [22mRADIO_STATIONS registry[2m > [22mLocal (Indie Indonesia) category[2m > [22mincludes iksan-skuter station[32m 0[2mms[22m[39m
 [32m✓[39m src/components/RadioPlayer.test.tsx[2m > [22mRADIO_STATIONS registry[2m > [22mLocal (Indie Indonesia) category[2m > [22mincludes fourtwnty station[32m 0[2mms[22m[39m
 [32m✓[39m src/components/RadioPlayer.test.tsx[2m > [22mRADIO_STATIONS registry[2m > [22mLocal (Indie Indonesia) category[2m > [22mincludes ari-lesmana station[32m 0[2mms[22m[39m
 [32m✓[39m src/components/RadioPlayer.test.tsx[2m > [22mRADIO_STATIONS registry[2m > [22mLocal (Indie Indonesia) category[2m > [22mincludes slank station[32m 0[2mms[22m[39m
 [32m✓[39m src/components/RadioPlayer.test.tsx[2m > [22mRADIO_STATIONS registry[2m > [22mLocal (Indie Indonesia) category[2m > [22mincludes raim-laode station[32m 0[2mms[22m[39m
 [32m✓[39m src/components/RadioPlayer.test.tsx[2m > [22mRADIO_STATIONS registry[2m > [22mLocal (Indie Indonesia) category[2m > [22mincludes opick station[32m 0[2mms[22m[39m
 [32m✓[39m src/components/RadioPlayer.test.tsx[2m > [22mRADIO_STATIONS registry[2m > [22mLocal (Indie Indonesia) category[2m > [22mincludes bilal-indrajaya station[32m 0[2mms[22m[39m
 [32m✓[39m src/components/RadioPlayer.test.tsx[2m > [22mRADIO_STATIONS registry[2m > [22mLocal (Indie Indonesia) category[2m > [22mincludes hadad-alwi station[32m 0[2mms[22m[39m
 [32m✓[39m src/components/RadioPlayer.test.tsx[2m > [22mRADIO_STATIONS registry[2m > [22mLocal (Indie Indonesia) category[2m > [22mall local stations are playlist type (for skip/prev support)[32m 1[2mms[22m[39m
 [32m✓[39m src/components/RadioPlayer.test.tsx[2m > [22mRADIO_STATIONS registry[2m > [22mLocal (Indie Indonesia) category[2m > [22mNadin Amizah uses a PL playlist[32m 0[2mms[22m[39m
 [32m✓[39m src/components/RadioPlayer.test.tsx[2m > [22mRADIO_STATIONS registry[2m > [22mLocal (Indie Indonesia) category[2m > [22mTulus uses official PL playlist (not a broken RD id)[32m 0[2mms[22m[39m
 [32m✓[39m src/components/RadioPlayer.test.tsx[2m > [22mRADIO_STATIONS registry[2m > [22mLocal (Indie Indonesia) category[2m > [22mBilal Indrajaya uses official PL playlist[32m 0[2mms[22m[39m
 [32m✓[39m src/components/RadioPlayer.test.tsx[2m > [22mRADIO_STATIONS registry[2m > [22mPodcast category[2m > [22mhas at least 10 podcast stations[32m 0[2mms[22m[39m
 [32m✓[39m src/components/RadioPlayer.test.tsx[2m > [22mRADIO_STATIONS registry[2m > [22mPodcast category[2m > [22mincludes endgame podcast[32m 0[2mms[22m[39m
 [32m✓[39m src/components/RadioPlayer.test.tsx[2m > [22mRADIO_STATIONS registry[2m > [22mPodcast category[2m > [22mincludes sepulang-sekolah podcast[32m 0[2mms[22m[39m
 [32m✓[39m src/components/RadioPlayer.test.tsx[2m > [22mRADIO_STATIONS registry[2m > [22mPodcast category[2m > [22mincludes login-podcast podcast[32m 0[2mms[22m[39m
 [32m✓[39m src/components/RadioPlayer.test.tsx[2m > [22mRADIO_STATIONS registry[2m > [22mPodcast category[2m > [22mincludes escape-podcast podcast[32m 0[2mms[22m[39m
 [32m✓[39m src/components/RadioPlayer.test.tsx[2m > [22mRADIO_STATIONS registry[2m > [22mPodcast category[2m > [22mincludes suara-berkelas podcast[32m 0[2mms[22m[39m
 [32m✓[39m src/components/RadioPlayer.test.tsx[2m > [22mRADIO_STATIONS registry[2m > [22mPodcast category[2m > [22mincludes bagus-muljadi podcast[32m 0[2mms[22m[39m
 [32m✓[39m src/components/RadioPlayer.test.tsx[2m > [22mRADIO_STATIONS registry[2m > [22mPodcast category[2m > [22mincludes raditya-dika podcast[32m 0[2mms[22m[39m
 [32m✓[39m src/components/RadioPlayer.test.tsx[2m > [22mRADIO_STATIONS registry[2m > [22mPodcast category[2m > [22mincludes what-is-up-id podcast[32m 0[2mms[22m[39m
 [32m✓[39m src/components/RadioPlayer.test.tsx[2m > [22mRADIO_STATIONS registry[2m > [22mPodcast category[2m > [22mincludes bocor-alus podcast[32m 0[2mms[22m[39m
 [32m✓[39m src/components/RadioPlayer.test.tsx[2m > [22mRADIO_STATIONS registry[2m > [22mPodcast category[2m > [22mincludes sport77 podcast[32m 0[2mms[22m[39m
 [32m✓[39m src/components/RadioPlayer.test.tsx[2m > [22mRADIO_STATIONS registry[2m > [22mPodcast category[2m > [22mEndgame has real PL playlist ID[32m 0[2mms[22m[39m
 [32m✓[39m src/components/RadioPlayer.test.tsx[2m > [22mRADIO_STATIONS registry[2m > [22mPodcast category[2m > [22mPodcast Escape has real PL playlist ID[32m 0[2mms[22m[39m
 [32m✓[39m src/components/RadioPlayer.test.tsx[2m > [22mRADIO_STATIONS registry[2m > [22mPodcast category[2m > [22mdoes NOT contain old "Podcast Main Bola" (renamed to Podcast Escape)[32m 0[2mms[22m[39m
 [32m✓[39m src/components/RadioPlayer.test.tsx[2m > [22mRadioPlayer component[2m > [22mrenders the radio trigger button[32m 68[2mms[22m[39m
 [32m✓[39m src/components/RadioPlayer.test.tsx[2m > [22mRadioPlayer component[2m > [22mopens the radio popover on click[32m 88[2mms[22m[39m
 [32m✓[39m src/components/RadioPlayer.test.tsx[2m > [22mRadioPlayer component[2m > [22mshows all 4 category headers[32m 62[2mms[22m[39m
 [32m✓[39m src/components/RadioPlayer.test.tsx[2m > [22mRadioPlayer component[2m > [22mGeneral section is expanded by default[32m 43[2mms[22m[39m
 [32m✓[39m src/components/RadioPlayer.test.tsx[2m > [22mRadioPlayer component[2m > [22mLocal section is expanded by default[32m 61[2mms[22m[39m
 [32m✓[39m src/components/RadioPlayer.test.tsx[2m > [22mRadioPlayer component[2m > [22mPodcast section is collapsed by default (not visible)[32m 42[2mms[22m[39m
 [32m✓[39m src/components/RadioPlayer.test.tsx[2m > [22mRadioPlayer component[2m > [22mclicking Podcast header expands podcast stations[32m 64[2mms[22m[39m
 [31m×[39m src/components/RadioPlayer.test.tsx[2m > [22mRadioPlayer component[2m > [22mshows volume slider[33m 1091[2mms[22m[39m
[31m   → Unable to find role="slider" and name `/volume/i`

Ignored nodes: comments, script, style
[36m<body>[31m
  [36m<span[31m
    [33mdata-radix-focus-guard[31m=[32m""[31m
    [33mstyle[31m=[32m"outline: none; opacity: 0; position: fixed; pointer-events: none;"[31m
    [33mtabindex[31m=[32m"0"[31m
  [36m/>[31m
  [36m<div>[31m
    [36m<button[31m
      [33maria-controls[31m=[32m"radix-:r7:"[31m
      [33maria-expanded[31m=[32m"true"[31m
      [33maria-haspopup[31m=[32m"dialog"[31m
      [33maria-label[31m=[32m"Open Radio Player"[31m
      [33mclass[31m=[32m"inline-flex items-center justify-center gap-2 whitespace-nowrap text-sm font-medium ring-offset-background focus-visible:outline-none focus-visible:ring-2 focus-visible:ring-ring focus-visible:ring-offset-2 disabled:pointer-events-none disabled:opacity-50 [&_svg]:pointer-events-none [&_svg]:size-4 [&_svg]:shrink-0 h-14 w-14 shrink-0 rounded-full shadow-lg transition-all hover:scale-105 z-50 text-white bg-neutral-900 hover:bg-neutral-800 dark:bg-neutral-600 dark:hover:bg-neutral-500"[31m
      [33mdata-state[31m=[32m"open"[31m
      [33mtype[31m=[32m"button"[31m
    [36m>[31m
      [36m<svg[31m
        [33mclass[31m=[32m"lucide lucide-radio h-6 w-6"[31m
        [33mfill[31m=[32m"none"[31m
        [33mheight[31m=[32m"24"[31m
        [33mstroke[31m=[32m"currentColor"[31m
        [33mstroke-linecap[31m=[32m"round"[31m
        [33mstroke-linejoin[31m=[32m"round"[31m
        [33mstroke-width[31m=[32m"2"[31m
        [33mviewBox[31m=[32m"0 0 24 24"[31m
        [33mwidth[31m=[32m"24"[31m
        [33mxmlns[31m=[32m"http://www.w3.org/2000/svg"[31m
      [36m>[31m
        [36m<path[31m
          [33md[31m=[32m"M4.9 19.1C1 15.2 1 8.8 4.9 4.9"[31m
        [36m/>[31m
        [36m<path[31m
          [33md[31m=[32m"M7.8 16.2c-2.3-2.3-2.3-6.1 0-8.5"[31m
        [36m/>[31m
        [36m<circle[31m
          [33mcx[31m=[32m"12"[31m
          [33mcy[31m=[32m"12"[31m
          [33mr[31m=[32m"2"[31m
        [36m/>[31m
        [36m<path[31m
          [33md[31m=[32m"M16.2 7.8c2.3 2.3 2.3 6.1 0 8.5"[31m
        [36m/>[31m
        [36m<path[31m
          [33md[31m=[32m"M19.1 4.9C23 8.8 23 15.1 19.1 19"[31m
        [36m/>[31m
      [36m</svg>[31m
    [36m</button>[31m
  [36m</div>[31m
  [36m<div[31m
    [33mdata-radix-popper-content-wrapper[31m=[32m""[31m
    [33mstyle[31m=[32m"position: fixed; left: 0px; top: 0px; transform: translate(0px, -4px); min-width: max-content; --radix-popper-available-width: 0px; --radix-popper-available-height: -4px; --radix-popper-anchor-width: 0px; --radix-popper-anchor-height: 0px; --radix-popper-transform-origin: 100% 0px;"[31m
  [36m>[31m
    [36m<div[31m
      [33mclass[31m=[32m"z-50 border bg-popover text-popover-foreground outline-none data-[state=open]:animate-in data-[state=closed]:animate-out data-[state=closed]:fade-out-0 data-[state=open]:fade-in-0 data-[state=closed]:zoom-out-95 data-[state=open]:zoom-in-95 data-[side=bottom]:slide-in-from-top-2 data-[side=left]:slide-in-from-right-2 data-[side=right]:slide-in-from-left-2 data-[side=top]:slide-in-from-bottom-2 origin-[--radix-popover-content-transform-origin] w-80 p-0 mb-2 mr-6 shadow-xl rounded-xl overflow-hidden"[31m
      [33mdata-align[31m=[32m"end"[31m
      [33mdata-side[31m=[32m"top"[31m
      [33mdata-state[31m=[32m"open"[31m
      [33mid[31m=[32m"radix-:r7:"[31m
      [33mrole[31m=[32m"dialog"[31m
      [33mstyle[31m=[32m"--radix-popover-content-transform-origin: var(--radix-popper-transform-origin); --radix-popover-content-available-width: var(--radix-popper-available-width); --radix-popover-content-available-height: var(--radix-popper-available-height); --radix-popover-trigger-width: var(--radix-popper-anchor-width); --radix-popover-trigger-height: var(--radix-popper-anchor-height);"[31m
      [33mtabindex[31m=[32m"-1"[31m
    [36m>[31m
      [36m<div[31m
        [33mclass[31m=[32m"px-4 py-3 border-b bg-muted/30"[31m
      [36m>[31m
        [36m<div[31m
          [33mclass[31m=[32m"flex items-center justify-between"[31m
        [36m>[31m
          [36m<div[31m
            [33mclass[31m=[32m"flex items-center gap-2"[31m
          [36m>[31m
            [36m<svg[31m
              [33mclass[31m=[32m"lucide lucide-radio h-4 w-4 text-primary"[31m
              [33mfill[31m=[32m"none"[31m
              [33mheight[31m=[32m"24"[31m
              [33mstroke[31m=[32m"currentColor"[31m
              [33mstroke-linecap[31m=[32m"round"[31m
              [33mstroke-linejoin[31m=[32m"round"[31m
              [33mstroke-width[31m=[32m"2"[31m
              [33mviewBox[31m=[32m"0 0 24 24"[31m
              [33mwidth[31m=[32m"24"[31m
              [33mxmlns[31m=[32m"http://www.w3.org/2000/svg"[31m
            [36m>[31m
              [36m<path[31m
                [33md[31m=[32m"M4.9 19.1C1 15.2 1 8.8 4.9 4.9"[31m
              [36m/>[31m
              [36m<path[31m
                [33md[31m=[32m"M7.8 16.2c-2.3-2.3-2.3-6.1 0-8.5"[31m
              [36m/>[31m
              [36m<circle[31m
                [33mcx[31m=[32m"12"[31m
                [33mcy[31m=[32m"12"[31m
                [33mr[31m=[32m"2"[31m
              [36m/>[31m
              [36m<path[31m
                [33md[31m=[32m"M16.2 7.8c2.3 2.3 2.3 6.1 0 8.5"[31m
              [36m/>[31m
              [36m<path[31m
                [33md[31m=[32m"M19.1 4.9C23 8.8 23 15.1 19.1 19"[31m
              [36m/>[31m
            [36m</svg>[31m
            [36m<span[31m
              [33mclass[31m=[32m"font-semibold text-sm"[31m
            [36m>[31m
              [0mLo-fi Radio[0m
            [36m</span>[31m
            [36m<span[31m
              [33mclass[31m=[32m"text-xs text-muted-foreground"[31m
            [36m>[31m
              [0m• Free, no login[0m
            [36m</span>[31m
          [36m</div>[31m
        [36m</div>[31m
      [36m</div>[31m
      [36m<div[31m
        [33mclass[31m=[32m"max-h-80 overflow-y-auto py-2"[31m
      [36m>[31m
        [36m<button[31m
          [33mclass[31m=[32m"w-full flex items-center justify-between px-4 pt-3 pb-1 hover:bg-muted/30 transition-colors"[31m
        [36m>[31m
          [36m<span[31m
            [33mclass[31m=[32m"text-xs font-semibold text-muted-foreground uppercase tracking-wider"[31m
          [36m>[31m
            [0mGeneral[0m
          [36m</span>[31m
          [36m<svg[31m
            [33mclass[31m=[32m"lucide lucide-chevron-down h-3 w-3 text-muted-foreground"[31m
            [33mfill[31m=[32m"none"[31m
            [33mheight[31m=[32m"24"[31m
            [33mstroke[31m=[32m"currentColor"[31m
            [33mstroke-linecap[31m=[32m"round"[31m
            [33mstroke-linejoin[31m=[32m"round"[31m
            [33mstroke-width[31m=[32m"2"[31m
            [...

Ignored nodes: comments, script, style
[36m<body>[31m
  [36m<span[31m
    [33mdata-radix-focus-guard[31m=[32m""[31m
    [33mstyle[31m=[32m"outline: none; opacity: 0; position: fixed; pointer-events: none;"[31m
    [33mtabindex[31m=[32m"0"[31m
  [36m/>[31m
  [36m<div>[31m
    [36m<button[31m
      [33maria-controls[31m=[32m"radix-:r7:"[31m
      [33maria-expanded[31m=[32m"true"[31m
      [33maria-haspopup[31m=[32m"dialog"[31m
      [33maria-label[31m=[32m"Open Radio Player"[31m
      [33mclass[31m=[32m"inline-flex items-center justify-center gap-2 whitespace-nowrap text-sm font-medium ring-offset-background focus-visible:outline-none focus-visible:ring-2 focus-visible:ring-ring focus-visible:ring-offset-2 disabled:pointer-events-none disabled:opacity-50 [&_svg]:pointer-events-none [&_svg]:size-4 [&_svg]:shrink-0 h-14 w-14 shrink-0 rounded-full shadow-lg transition-all hover:scale-105 z-50 text-white bg-neutral-900 hover:bg-neutral-800 dark:bg-neutral-600 dark:hover:bg-neutral-500"[31m
      [33mdata-state[31m=[32m"open"[31m
      [33mtype[31m=[32m"button"[31m
    [36m>[31m
      [36m<svg[31m
        [33mclass[31m=[32m"lucide lucide-radio h-6 w-6"[31m
        [33mfill[31m=[32m"none"[31m
        [33mheight[31m=[32m"24"[31m
        [33mstroke[31m=[32m"currentColor"[31m
        [33mstroke-linecap[31m=[32m"round"[31m
        [33mstroke-linejoin[31m=[32m"round"[31m
        [33mstroke-width[31m=[32m"2"[31m
        [33mviewBox[31m=[32m"0 0 24 24"[31m
        [33mwidth[31m=[32m"24"[31m
        [33mxmlns[31m=[32m"http://www.w3.org/2000/svg"[31m
      [36m>[31m
        [36m<path[31m
          [33md[31m=[32m"M4.9 19.1C1 15.2 1 8.8 4.9 4.9"[31m
        [36m/>[31m
        [36m<path[31m
          [33md[31m=[32m"M7.8 16.2c-2.3-2.3-2.3-6.1 0-8.5"[31m
        [36m/>[31m
        [36m<circle[31m
          [33mcx[31m=[32m"12"[31m
          [33mcy[31m=[32m"12"[31m
          [33mr[31m=[32m"2"[31m
        [36m/>[31m
        [36m<path[31m
          [33md[31m=[32m"M16.2 7.8c2.3 2.3 2.3 6.1 0 8.5"[31m
        [36m/>[31m
        [36m<path[31m
          [33md[31m=[32m"M19.1 4.9C23 8.8 23 15.1 19.1 19"[31m
        [36m/>[31m
      [36m</svg>[31m
    [36m</button>[31m
  [36m</div>[31m
  [36m<div[31m
    [33mdata-radix-popper-content-wrapper[31m=[32m""[31m
    [33mstyle[31m=[32m"position: fixed; left: 0px; top: 0px; transform: translate(0px, -4px); min-width: max-content; --radix-popper-available-width: 0px; --radix-popper-available-height: -4px; --radix-popper-anchor-width: 0px; --radix-popper-anchor-height: 0px; --radix-popper-transform-origin: 100% 0px;"[31m
  [36m>[31m
    [36m<div[31m
      [33mclass[31m=[32m"z-50 border bg-popover text-popover-foreground outline-none data-[state=open]:animate-in data-[state=closed]:animate-out data-[state=closed]:fade-out-0 data-[state=open]:fade-in-0 data-[state=closed]:zoom-out-95 data-[state=open]:zoom-in-95 data-[side=bottom]:slide-in-from-top-2 data-[side=left]:slide-in-from-right-2 data-[side=right]:slide-in-from-left-2 data-[side=top]:slide-in-from-bottom-2 origin-[--radix-popover-content-transform-origin] w-80 p-0 mb-2 mr-6 shadow-xl rounded-xl overflow-hidden"[31m
      [33mdata-align[31m=[32m"end"[31m
      [33mdata-side[31m=[32m"top"[31m
      [33mdata-state[31m=[32m"open"[31m
      [33mid[31m=[32m"radix-:r7:"[31m
      [33mrole[31m=[32m"dialog"[31m
      [33mstyle[31m=[32m"--radix-popover-content-transform-origin: var(--radix-popper-transform-origin); --radix-popover-content-available-width: var(--radix-popper-available-width); --radix-popover-content-available-height: var(--radix-popper-available-height); --radix-popover-trigger-width: var(--radix-popper-anchor-width); --radix-popover-trigger-height: var(--radix-popper-anchor-height);"[31m
      [33mtabindex[31m=[32m"-1"[31m
    [36m>[31m
      [36m<div[31m
        [33mclass[31m=[32m"px-4 py-3 border-b bg-muted/30"[31m
      [36m>[31m
        [36m<div[31m
          [33mclass[31m=[32m"flex items-center justify-between"[31m
        [36m>[31m
          [36m<div[31m
            [33mclass[31m=[32m"flex items-center gap-2"[31m
          [36m>[31m
            [36m<svg[31m
              [33mclass[31m=[32m"lucide lucide-radio h-4 w-4 text-primary"[31m
              [33mfill[31m=[32m"none"[31m
              [33mheight[31m=[32m"24"[31m
              [33mstroke[31m=[32m"currentColor"[31m
              [33mstroke-linecap[31m=[32m"round"[31m
              [33mstroke-linejoin[31m=[32m"round"[31m
              [33mstroke-width[31m=[32m"2"[31m
              [33mviewBox[31m=[32m"0 0 24 24"[31m
              [33mwidth[31m=[32m"24"[31m
              [33mxmlns[31m=[32m"http://www.w3.org/2000/svg"[31m
            [36m>[31m
              [36m<path[31m
                [33md[31m=[32m"M4.9 19.1C1 15.2 1 8.8 4.9 4.9"[31m
              [36m/>[31m
              [36m<path[31m
                [33md[31m=[32m"M7.8 16.2c-2.3-2.3-2.3-6.1 0-8.5"[31m
              [36m/>[31m
              [36m<circle[31m
                [33mcx[31m=[32m"12"[31m
                [33mcy[31m=[32m"12"[31m
                [33mr[31m=[32m"2"[31m
              [36m/>[31m
              [36m<path[31m
                [33md[31m=[32m"M16.2 7.8c2.3 2.3 2.3 6.1 0 8.5"[31m
              [36m/>[31m
              [36m<path[31m
                [33md[31m=[32m"M19.1 4.9C23 8.8 23 15.1 19.1 19"[31m
              [36m/>[31m
            [36m</svg>[31m
            [36m<span[31m
              [33mclass[31m=[32m"font-semibold text-sm"[31m
            [36m>[31m
              [0mLo-fi Radio[0m
            [36m</span>[31m
            [36m<span[31m
              [33mclass[31m=[32m"text-xs text-muted-foreground"[31m
            [36m>[31m
              [0m• Free, no login[0m
            [36m</span>[31m
          [36m</div>[31m
        [36m</div>[31m
      [36m</div>[31m
      [36m<div[31m
        [33mclass[31m=[32m"max-h-80 overflow-y-auto py-2"[31m
      [36m>[31m
        [36m<button[31m
          [33mclass[31m=[32m"w-full flex items-center justify-between px-4 pt-3 pb-1 hover:bg-muted/30 transition-colors"[31m
        [36m>[31m
          [36m<span[31m
            [33mclass[31m=[32m"text-xs font-semibold text-muted-foreground uppercase tracking-wider"[31m
          [36m>[31m
            [0mGeneral[0m
          [36m</span>[31m
          [36m<svg[31m
            [33mclass[31m=[32m"lucide lucide-chevron-down h-3 w-3 text-muted-foreground"[31m
            [33mfill[31m=[32m"none"[31m
            [33mheight[31m=[32m"24"[31m
            [33mstroke[31m=[32m"currentColor"[31m
            [33mstroke-linecap[31m=[32m"round"[31m
            [33mstroke-linejoin[31m=[32m"round"[31m
            [33mstroke-width[31m=[32m"2"[31m
            [...[39m

[31m⎯⎯⎯⎯⎯⎯⎯[39m[1m[41m Failed Tests 1 [49m[22m[31m⎯⎯⎯⎯⎯⎯⎯[39m

[41m[1m FAIL [22m[49m src/components/RadioPlayer.test.tsx[2m > [22mRadioPlayer component[2m > [22mshows volume slider
[31m[1mTestingLibraryElementError[22m[39m: Unable to find role="slider" and name `/volume/i`

Ignored nodes: comments, script, style
[36m<body>[39m
  [36m<span[39m
    [33mdata-radix-focus-guard[39m=[32m""[39m
    [33mstyle[39m=[32m"outline: none; opacity: 0; position: fixed; pointer-events: none;"[39m
    [33mtabindex[39m=[32m"0"[39m
  [36m/>[39m
  [36m<div>[39m
    [36m<button[39m
      [33maria-controls[39m=[32m"radix-:r7:"[39m
      [33maria-expanded[39m=[32m"true"[39m
      [33maria-haspopup[39m=[32m"dialog"[39m
      [33maria-label[39m=[32m"Open Radio Player"[39m
      [33mclass[39m=[32m"inline-flex items-center justify-center gap-2 whitespace-nowrap text-sm font-medium ring-offset-background focus-visible:outline-none focus-visible:ring-2 focus-visible:ring-ring focus-visible:ring-offset-2 disabled:pointer-events-none disabled:opacity-50 [&_svg]:pointer-events-none [&_svg]:size-4 [&_svg]:shrink-0 h-14 w-14 shrink-0 rounded-full shadow-lg transition-all hover:scale-105 z-50 text-white bg-neutral-900 hover:bg-neutral-800 dark:bg-neutral-600 dark:hover:bg-neutral-500"[39m
      [33mdata-state[39m=[32m"open"[39m
      [33mtype[39m=[32m"button"[39m
    [36m>[39m
      [36m<svg[39m
        [33mclass[39m=[32m"lucide lucide-radio h-6 w-6"[39m
        [33mfill[39m=[32m"none"[39m
        [33mheight[39m=[32m"24"[39m
        [33mstroke[39m=[32m"currentColor"[39m
        [33mstroke-linecap[39m=[32m"round"[39m
        [33mstroke-linejoin[39m=[32m"round"[39m
        [33mstroke-width[39m=[32m"2"[39m
        [33mviewBox[39m=[32m"0 0 24 24"[39m
        [33mwidth[39m=[32m"24"[39m
        [33mxmlns[39m=[32m"http://www.w3.org/2000/svg"[39m
      [36m>[39m
        [36m<path[39m
          [33md[39m=[32m"M4.9 19.1C1 15.2 1 8.8 4.9 4.9"[39m
        [36m/>[39m
        [36m<path[39m
          [33md[39m=[32m"M7.8 16.2c-2.3-2.3-2.3-6.1 0-8.5"[39m
        [36m/>[39m
        [36m<circle[39m
          [33mcx[39m=[32m"12"[39m
          [33mcy[39m=[32m"12"[39m
          [33mr[39m=[32m"2"[39m
        [36m/>[39m
        [36m<path[39m
          [33md[39m=[32m"M16.2 7.8c2.3 2.3 2.3 6.1 0 8.5"[39m
        [36m/>[39m
        [36m<path[39m
          [33md[39m=[32m"M19.1 4.9C23 8.8 23 15.1 19.1 19"[39m
        [36m/>[39m
      [36m</svg>[39m
    [36m</button>[39m
  [36m</div>[39m
  [36m<div[39m
    [33mdata-radix-popper-content-wrapper[39m=[32m""[39m
    [33mstyle[39m=[32m"position: fixed; left: 0px; top: 0px; transform: translate(0px, -4px); min-width: max-content; --radix-popper-available-width: 0px; --radix-popper-available-height: -4px; --radix-popper-anchor-width: 0px; --radix-popper-anchor-height: 0px; --radix-popper-transform-origin: 100% 0px;"[39m
  [36m>[39m
    [36m<div[39m
      [33mclass[39m=[32m"z-50 border bg-popover text-popover-foreground outline-none data-[state=open]:animate-in data-[state=closed]:animate-out data-[state=closed]:fade-out-0 data-[state=open]:fade-in-0 data-[state=closed]:zoom-out-95 data-[state=open]:zoom-in-95 data-[side=bottom]:slide-in-from-top-2 data-[side=left]:slide-in-from-right-2 data-[side=right]:slide-in-from-left-2 data-[side=top]:slide-in-from-bottom-2 origin-[--radix-popover-content-transform-origin] w-80 p-0 mb-2 mr-6 shadow-xl rounded-xl overflow-hidden"[39m
      [33mdata-align[39m=[32m"end"[39m
      [33mdata-side[39m=[32m"top"[39m
      [33mdata-state[39m=[32m"open"[39m
      [33mid[39m=[32m"radix-:r7:"[39m
      [33mrole[39m=[32m"dialog"[39m
      [33mstyle[39m=[32m"--radix-popover-content-transform-origin: var(--radix-popper-transform-origin); --radix-popover-content-available-width: var(--radix-popper-available-width); --radix-popover-content-available-height: var(--radix-popper-available-height); --radix-popover-trigger-width: var(--radix-popper-anchor-width); --radix-popover-trigger-height: var(--radix-popper-anchor-height);"[39m
      [33mtabindex[39m=[32m"-1"[39m
    [36m>[39m
      [36m<div[39m
        [33mclass[39m=[32m"px-4 py-3 border-b bg-muted/30"[39m
      [36m>[39m
        [36m<div[39m
          [33mclass[39m=[32m"flex items-center justify-between"[39m
        [36m>[39m
          [36m<div[39m
            [33mclass[39m=[32m"flex items-center gap-2"[39m
          [36m>[39m
            [36m<svg[39m
              [33mclass[39m=[32m"lucide lucide-radio h-4 w-4 text-primary"[39m
              [33mfill[39m=[32m"none"[39m
              [33mheight[39m=[32m"24"[39m
              [33mstroke[39m=[32m"currentColor"[39m
              [33mstroke-linecap[39m=[32m"round"[39m
              [33mstroke-linejoin[39m=[32m"round"[39m
              [33mstroke-width[39m=[32m"2"[39m
              [33mviewBox[39m=[32m"0 0 24 24"[39m
              [33mwidth[39m=[32m"24"[39m
              [33mxmlns[39m=[32m"http://www.w3.org/2000/svg"[39m
            [36m>[39m
              [36m<path[39m
                [33md[39m=[32m"M4.9 19.1C1 15.2 1 8.8 4.9 4.9"[39m
              [36m/>[39m
              [36m<path[39m
                [33md[39m=[32m"M7.8 16.2c-2.3-2.3-2.3-6.1 0-8.5"[39m
              [36m/>[39m
              [36m<circle[39m
                [33mcx[39m=[32m"12"[39m
                [33mcy[39m=[32m"12"[39m
                [33mr[39m=[32m"2"[39m
              [36m/>[39m
              [36m<path[39m
                [33md[39m=[32m"M16.2 7.8c2.3 2.3 2.3 6.1 0 8.5"[39m
              [36m/>[39m
              [36m<path[39m
                [33md[39m=[32m"M19.1 4.9C23 8.8 23 15.1 19.1 19"[39m
              [36m/>[39m
            [36m</svg>[39m
            [36m<span[39m
              [33mclass[39m=[32m"font-semibold text-sm"[39m
            [36m>[39m
              [0mLo-fi Radio[0m
            [36m</span>[39m
            [36m<span[39m
              [33mclass[39m=[32m"text-xs text-muted-foreground"[39m
            [36m>[39m
              [0m• Free, no login[0m
            [36m</span>[39m
          [36m</div>[39m
        [36m</div>[39m
      [36m</div>[39m
      [36m<div[39m
        [33mclass[39m=[32m"max-h-80 overflow-y-auto py-2"[39m
      [36m>[39m
        [36m<button[39m
          [33mclass[39m=[32m"w-full flex items-center justify-between px-4 pt-3 pb-1 hover:bg-muted/30 transition-colors"[39m
        [36m>[39m
          [36m<span[39m
            [33mclass[39m=[32m"text-xs font-semibold text-muted-foreground uppercase tracking-wider"[39m
          [36m>[39m
            [0mGeneral[0m
          [36m</span>[39m
          [36m<svg[39m
            [33mclass[39m=[32m"lucide lucide-chevron-down h-3 w-3 text-muted-foreground"[39m
            [33mfill[39m=[32m"none"[39m
            [33mheight[39m=[32m"24"[39m
            [33mstroke[39m=[32m"currentColor"[39m
            [33mstroke-linecap[39m=[32m"round"[39m
            [33mstroke-linejoin[39m=[32m"round"[39m
            [33mstroke-width[39m=[32m"2"[39m
            [...

Ignored nodes: comments, script, style
[36m<body>[39m
  [36m<span[39m
    [33mdata-radix-focus-guard[39m=[32m""[39m
    [33mstyle[39m=[32m"outline: none; opacity: 0; position: fixed; pointer-events: none;"[39m
    [33mtabindex[39m=[32m"0"[39m
  [36m/>[39m
  [36m<div>[39m
    [36m<button[39m
      [33maria-controls[39m=[32m"radix-:r7:"[39m
      [33maria-expanded[39m=[32m"true"[39m
      [33maria-haspopup[39m=[32m"dialog"[39m
      [33maria-label[39m=[32m"Open Radio Player"[39m
      [33mclass[39m=[32m"inline-flex items-center justify-center gap-2 whitespace-nowrap text-sm font-medium ring-offset-background focus-visible:outline-none focus-visible:ring-2 focus-visible:ring-ring focus-visible:ring-offset-2 disabled:pointer-events-none disabled:opacity-50 [&_svg]:pointer-events-none [&_svg]:size-4 [&_svg]:shrink-0 h-14 w-14 shrink-0 rounded-full shadow-lg transition-all hover:scale-105 z-50 text-white bg-neutral-900 hover:bg-neutral-800 dark:bg-neutral-600 dark:hover:bg-neutral-500"[39m
      [33mdata-state[39m=[32m"open"[39m
      [33mtype[39m=[32m"button"[39m
    [36m>[39m
      [36m<svg[39m
        [33mclass[39m=[32m"lucide lucide-radio h-6 w-6"[39m
        [33mfill[39m=[32m"none"[39m
        [33mheight[39m=[32m"24"[39m
        [33mstroke[39m=[32m"currentColor"[39m
        [33mstroke-linecap[39m=[32m"round"[39m
        [33mstroke-linejoin[39m=[32m"round"[39m
        [33mstroke-width[39m=[32m"2"[39m
        [33mviewBox[39m=[32m"0 0 24 24"[39m
        [33mwidth[39m=[32m"24"[39m
        [33mxmlns[39m=[32m"http://www.w3.org/2000/svg"[39m
      [36m>[39m
        [36m<path[39m
          [33md[39m=[32m"M4.9 19.1C1 15.2 1 8.8 4.9 4.9"[39m
        [36m/>[39m
        [36m<path[39m
          [33md[39m=[32m"M7.8 16.2c-2.3-2.3-2.3-6.1 0-8.5"[39m
        [36m/>[39m
        [36m<circle[39m
          [33mcx[39m=[32m"12"[39m
          [33mcy[39m=[32m"12"[39m
          [33mr[39m=[32m"2"[39m
        [36m/>[39m
        [36m<path[39m
          [33md[39m=[32m"M16.2 7.8c2.3 2.3 2.3 6.1 0 8.5"[39m
        [36m/>[39m
        [36m<path[39m
          [33md[39m=[32m"M19.1 4.9C23 8.8 23 15.1 19.1 19"[39m
        [36m/>[39m
      [36m</svg>[39m
    [36m</button>[39m
  [36m</div>[39m
  [36m<div[39m
    [33mdata-radix-popper-content-wrapper[39m=[32m""[39m
    [33mstyle[39m=[32m"position: fixed; left: 0px; top: 0px; transform: translate(0px, -4px); min-width: max-content; --radix-popper-available-width: 0px; --radix-popper-available-height: -4px; --radix-popper-anchor-width: 0px; --radix-popper-anchor-height: 0px; --radix-popper-transform-origin: 100% 0px;"[39m
  [36m>[39m
    [36m<div[39m
      [33mclass[39m=[32m"z-50 border bg-popover text-popover-foreground outline-none data-[state=open]:animate-in data-[state=closed]:animate-out data-[state=closed]:fade-out-0 data-[state=open]:fade-in-0 data-[state=closed]:zoom-out-95 data-[state=open]:zoom-in-95 data-[side=bottom]:slide-in-from-top-2 data-[side=left]:slide-in-from-right-2 data-[side=right]:slide-in-from-left-2 data-[side=top]:slide-in-from-bottom-2 origin-[--radix-popover-content-transform-origin] w-80 p-0 mb-2 mr-6 shadow-xl rounded-xl overflow-hidden"[39m
      [33mdata-align[39m=[32m"end"[39m
      [33mdata-side[39m=[32m"top"[39m
      [33mdata-state[39m=[32m"open"[39m
      [33mid[39m=[32m"radix-:r7:"[39m
      [33mrole[39m=[32m"dialog"[39m
      [33mstyle[39m=[32m"--radix-popover-content-transform-origin: var(--radix-popper-transform-origin); --radix-popover-content-available-width: var(--radix-popper-available-width); --radix-popover-content-available-height: var(--radix-popper-available-height); --radix-popover-trigger-width: var(--radix-popper-anchor-width); --radix-popover-trigger-height: var(--radix-popper-anchor-height);"[39m
      [33mtabindex[39m=[32m"-1"[39m
    [36m>[39m
      [36m<div[39m
        [33mclass[39m=[32m"px-4 py-3 border-b bg-muted/30"[39m
      [36m>[39m
        [36m<div[39m
          [33mclass[39m=[32m"flex items-center justify-between"[39m
        [36m>[39m
          [36m<div[39m
            [33mclass[39m=[32m"flex items-center gap-2"[39m
          [36m>[39m
            [36m<svg[39m
              [33mclass[39m=[32m"lucide lucide-radio h-4 w-4 text-primary"[39m
              [33mfill[39m=[32m"none"[39m
              [33mheight[39m=[32m"24"[39m
              [33mstroke[39m=[32m"currentColor"[39m
              [33mstroke-linecap[39m=[32m"round"[39m
              [33mstroke-linejoin[39m=[32m"round"[39m
              [33mstroke-width[39m=[32m"2"[39m
              [33mviewBox[39m=[32m"0 0 24 24"[39m
              [33mwidth[39m=[32m"24"[39m
              [33mxmlns[39m=[32m"http://www.w3.org/2000/svg"[39m
            [36m>[39m
              [36m<path[39m
                [33md[39m=[32m"M4.9 19.1C1 15.2 1 8.8 4.9 4.9"[39m
              [36m/>[39m
              [36m<path[39m
                [33md[39m=[32m"M7.8 16.2c-2.3-2.3-2.3-6.1 0-8.5"[39m
              [36m/>[39m
              [36m<circle[39m
                [33mcx[39m=[32m"12"[39m
                [33mcy[39m=[32m"12"[39m
                [33mr[39m=[32m"2"[39m
              [36m/>[39m
              [36m<path[39m
                [33md[39m=[32m"M16.2 7.8c2.3 2.3 2.3 6.1 0 8.5"[39m
              [36m/>[39m
              [36m<path[39m
                [33md[39m=[32m"M19.1 4.9C23 8.8 23 15.1 19.1 19"[39m
              [36m/>[39m
            [36m</svg>[39m
            [36m<span[39m
              [33mclass[39m=[32m"font-semibold text-sm"[39m
            [36m>[39m
              [0mLo-fi Radio[0m
            [36m</span>[39m
            [36m<span[39m
              [33mclass[39m=[32m"text-xs text-muted-foreground"[39m
            [36m>[39m
              [0m• Free, no login[0m
            [36m</span>[39m
          [36m</div>[39m
        [36m</div>[39m
      [36m</div>[39m
      [36m<div[39m
        [33mclass[39m=[32m"max-h-80 overflow-y-auto py-2"[39m
      [36m>[39m
        [36m<button[39m
          [33mclass[39m=[32m"w-full flex items-center justify-between px-4 pt-3 pb-1 hover:bg-muted/30 transition-colors"[39m
        [36m>[39m
          [36m<span[39m
            [33mclass[39m=[32m"text-xs font-semibold text-muted-foreground uppercase tracking-wider"[39m
          [36m>[39m
            [0mGeneral[0m
          [36m</span>[39m
          [36m<svg[39m
            [33mclass[39m=[32m"lucide lucide-chevron-down h-3 w-3 text-muted-foreground"[39m
            [33mfill[39m=[32m"none"[39m
            [33mheight[39m=[32m"24"[39m
            [33mstroke[39m=[32m"currentColor"[39m
            [33mstroke-linecap[39m=[32m"round"[39m
            [33mstroke-linejoin[39m=[32m"round"[39m
            [33mstroke-width[39m=[32m"2"[39m
            [...
[90m [2m❯[22m waitForWrapper node_modules/@testing-library/dom/dist/wait-for.js:[2m163:27[22m[39m
[90m [2m❯[22m findByRole node_modules/@testing-library/dom/dist/query-helpers.js:[2m86:33[22m[39m
[36m [2m❯[22m src/components/RadioPlayer.test.tsx:[2m224:33[22m[39m
    [90m222| [39m    [34mrender[39m([33m<[39m[33mRadioPlayer[39m [33m/[39m[33m>[39m)[33m;[39m
    [90m223| [39m    fireEvent.click(screen.getByRole('button', { name: /open radio pla…
    [90m224| [39m    const slider = await screen.findByRole('slider', { name: /volume/i…
    [90m   | [39m                                [31m^[39m
    [90m225| [39m    [34mexpect[39m(slider)[33m.[39m[34mtoBeInTheDocument[39m()[33m;[39m
    [90m226| [39m  })[33m;[39m

[31m[2m⎯⎯⎯⎯⎯⎯⎯⎯⎯⎯⎯⎯⎯⎯⎯⎯⎯⎯⎯⎯⎯⎯⎯⎯[1/1]⎯[22m[39m


[2m Test Files [22m [1m[31m1 failed[39m[22m[90m (1)[39m
[2m      Tests [22m [1m[31m1 failed[39m[22m[2m | [22m[1m[32m56 passed[39m[22m[90m (57)[39m
[2m   Start at [22m 00:08:43
[2m   Duration [22m 3.66s[2m (transform 117ms, setup 122ms, collect 547ms, tests 1.53s, environment 622ms, prepare 448ms)[22m

